2026-02-26T05:17:16.214Z [INFO] watchdog: armed
2026-02-26T05:17:16.214Z [INFO] boot: system init complete
2026-02-26T05:17:16.214Z [WARN] fs: slow write detected
2026-02-26T05:17:16.214Z [WARN] net: retransmits increasing
2026-02-26T05:17:16.214Z [INFO] boot: system init complete
2026-02-26T05:17:16.214Z [ERROR] sensor: read failed
2026-02-26T05:17:16.214Z [INFO] fs: mounted /data
2026-02-26T05:17:16.214Z [ERROR] mmc: crc error on read
2026-02-26T05:17:16.214Z [INFO] app: service started
2026-02-26T05:17:16.214Z [INFO] net: link up (1Gbps)
2026-02-26T05:17:16.214Z [INFO] app: service started
2026-02-26T05:17:16.214Z [INFO] fs: mounted /data
2026-02-26T05:17:16.214Z [WARN] net: retransmits increasing
2026-02-26T05:17:16.214Z [INFO] app: service started
2026-02-26T05:17:16.214Z [WARN] net: retransmits increasing
2026-02-26T05:17:16.214Z [INFO] fs: mounted /data
2026-02-26T05:17:16.214Z [INFO] watchdog: armed
2026-02-26T05:17:16.214Z [INFO] telemetry: heartbeat ok
2026-02-26T05:17:16.214Z [WARN] temp: threshold nearing (78C)
2026-02-26T05:17:16.214Z [ERROR] mmc: crc error on read
2026-02-26T05:17:16.214Z [ERROR] mmc: crc error on read
2026-02-26T05:17:16.214Z [INFO] fs: mounted /data
2026-02-26T05:17:16.214Z [INFO] app: service started
2026-02-26T05:17:16.214Z [INFO] fs: mounted /data
2026-02-26T05:17:16.214Z [INFO] boot: system init complete
2026-02-26T05:17:16.214Z [ERROR] sensor: read failed
2026-02-26T05:17:16.214Z [INFO] fs: mounted /data
2026-02-26T05:17:16.214Z [INFO] sensor: ready
2026-02-26T05:17:16.214Z [INFO] watchdog: armed
2026-02-26T05:17:16.214Z [INFO] watchdog: armed
2026-02-26T05:17:16.214Z [INFO] telemetry: heartbeat ok
2026-02-26T05:17:16.214Z [ERROR] sensor: read failed
2026-02-26T05:17:16.215Z [INFO] telemetry: heartbeat ok
2026-02-26T05:17:16.215Z [INFO] net: link up (1Gbps)
2026-02-26T05:17:16.215Z [INFO] watchdog: armed
2026-02-26T05:17:16.215Z [INFO] app: service started
2026-02-26T05:17:16.215Z [INFO] app: service started
2026-02-26T05:17:16.215Z [INFO] sensor: ready
2026-02-26T05:17:16.215Z [WARN] sensor: jitter high
2026-02-26T05:17:16.215Z [PANIC] fatal exception: NULL dereference
2026-02-26T05:17:16.215Z [INFO] boot: system init complete
2026-02-26T05:17:16.215Z [PANIC] panic: stack overflow in irq handler
2026-02-26T05:17:16.215Z [INFO] sensor: ready
2026-02-26T05:17:16.215Z [INFO] boot: system init complete
2026-02-26T05:17:16.215Z [WARN] temp: threshold nearing (78C)
2026-02-26T05:17:16.215Z [INFO] sensor: ready
2026-02-26T05:17:16.215Z [INFO] fs: mounted /data
2026-02-26T05:17:16.215Z [INFO] fs: mounted /data
2026-02-26T05:17:16.215Z [INFO] watchdog: armed
2026-02-26T05:17:16.215Z [INFO] watchdog: armed
2026-02-26T05:17:16.215Z [ERROR] app: unhandled error code=E42
2026-02-26T05:17:16.215Z [INFO] net: link up (1Gbps)
2026-02-26T05:17:16.215Z [ERROR] i2c: bus arbitration lost
2026-02-26T05:17:16.215Z [INFO] watchdog: armed
2026-02-26T05:17:16.215Z [INFO] app: service started
2026-02-26T05:17:16.215Z [WARN] power: voltage dip detected
2026-02-26T05:17:16.215Z [ERROR] mmc: crc error on read
2026-02-26T05:17:16.215Z [INFO] fs: mounted /data
2026-02-26T05:17:16.215Z [INFO] telemetry: heartbeat ok
2026-02-26T05:17:16.215Z [INFO] watchdog: armed
2026-02-26T05:17:16.215Z [INFO] app: service started
2026-02-26T05:17:16.215Z [INFO] boot: system init complete
2026-02-26T05:17:16.215Z [INFO] telemetry: heartbeat ok
2026-02-26T05:17:16.215Z [INFO] app: service started
2026-02-26T05:17:16.215Z [INFO] telemetry: heartbeat ok
2026-02-26T05:17:16.215Z [WARN] temp: threshold nearing (78C)
2026-02-26T05:17:16.215Z [INFO] watchdog: armed
2026-02-26T05:17:16.215Z [WARN] temp: threshold nearing (78C)
2026-02-26T05:17:16.215Z [INFO] sensor: ready
2026-02-26T05:17:16.215Z [WARN] sensor: jitter high
2026-02-26T05:17:16.215Z [ERROR] mmc: crc error on read
2026-02-26T05:17:16.215Z [INFO] sensor: ready
2026-02-26T05:17:16.215Z [INFO] sensor: ready
2026-02-26T05:17:16.215Z [INFO] fs: mounted /data
2026-02-26T05:17:16.215Z [INFO] telemetry: heartbeat ok
2026-02-26T05:17:16.215Z [WARN] net: retransmits increasing
2026-02-26T05:17:16.215Z [WARN] sensor: jitter high
2026-02-26T05:17:16.215Z [INFO] sensor: ready
2026-02-26T05:17:16.215Z [INFO] net: link up (1Gbps)
2026-02-26T05:17:16.215Z [INFO] telemetry: heartbeat ok
2026-02-26T05:17:16.215Z [INFO] net: link up (1Gbps)
2026-02-26T05:17:16.215Z [WARN] temp: threshold nearing (78C)
2026-02-26T05:17:16.215Z [INFO] boot: system init complete
2026-02-26T05:17:16.215Z [WARN] fs: slow write detected
2026-02-26T05:17:16.215Z [INFO] net: link up (1Gbps)
2026-02-26T05:17:16.215Z [WARN] fs: slow write detected
2026-02-26T05:17:16.215Z [INFO] watchdog: armed
2026-02-26T05:17:16.215Z [WARN] temp: threshold nearing (78C)
2026-02-26T05:17:16.215Z [INFO] fs: mounted /data
2026-02-26T05:17:16.215Z [ERROR] mmc: crc error on read
2026-02-26T05:17:16.215Z [WARN] sensor: jitter high
2026-02-26T05:17:16.215Z [INFO] sensor: ready
2026-02-26T05:17:16.215Z [INFO] fs: mounted /data
2026-02-26T05:17:16.215Z [WARN] power: voltage dip detected
2026-02-26T05:17:16.215Z [INFO] net: link up (1Gbps)
2026-02-26T05:17:16.215Z [ERROR] app: unhandled error code=E42
2026-02-26T05:17:16.215Z [INFO] fs: mounted /data
2026-02-26T05:17:16.215Z [INFO] fs: mounted /data
2026-02-26T05:17:16.215Z [INFO] app: service started
2026-02-26T05:17:16.215Z [INFO] sensor: ready
2026-02-26T05:17:16.215Z [INFO] sensor: ready
2026-02-26T05:17:16.215Z [INFO] watchdog: armed
2026-02-26T05:17:16.215Z [INFO] watchdog: armed
2026-02-26T05:17:16.215Z [INFO] net: link up (1Gbps)
2026-02-26T05:17:16.215Z [INFO] net: link up (1Gbps)
2026-02-26T05:17:16.215Z [WARN] net: retransmits increasing
2026-02-26T05:17:16.215Z [INFO] net: link up (1Gbps)
2026-02-26T05:17:16.215Z [INFO] net: link up (1Gbps)
2026-02-26T05:17:16.215Z [WARN] sensor: jitter high
2026-02-26T05:17:16.215Z [ERROR] i2c: bus arbitration lost
2026-02-26T05:17:16.215Z [INFO] sensor: ready
2026-02-26T05:17:16.215Z [WARN] temp: threshold nearing (78C)
2026-02-26T05:17:16.215Z [INFO] boot: system init complete
2026-02-26T05:17:16.215Z [INFO] telemetry: heartbeat ok
2026-02-26T05:17:16.215Z [INFO] app: service started
2026-02-26T05:17:16.215Z [ERROR] i2c: bus arbitration lost
2026-02-26T05:17:16.215Z [INFO] telemetry: heartbeat ok
2026-02-26T05:17:16.215Z [INFO] boot: system init complete
2026-02-26T05:17:16.215Z [INFO] watchdog: armed
2026-02-26T05:17:16.215Z [ERROR] app: unhandled error code=E42
2026-02-26T05:17:16.215Z [INFO] watchdog: armed
2026-02-26T05:17:16.215Z [INFO] app: service started
2026-02-26T05:17:16.215Z [INFO] sensor: ready
2026-02-26T05:17:16.215Z [WARN] power: voltage dip detected
2026-02-26T05:17:16.215Z [INFO] telemetry: heartbeat ok
2026-02-26T05:17:16.215Z [ERROR] net: packet drop burst
2026-02-26T05:17:16.215Z [WARN] sensor: jitter high
2026-02-26T05:17:16.215Z [INFO] sensor: ready
2026-02-26T05:17:16.215Z [INFO] watchdog: armed
2026-02-26T05:17:16.215Z [INFO] watchdog: armed
2026-02-26T05:17:16.215Z [ERROR] app: unhandled error code=E42
2026-02-26T05:17:16.215Z [INFO] watchdog: armed
2026-02-26T05:17:16.215Z [INFO] boot: system init complete
2026-02-26T05:17:16.215Z [INFO] boot: system init complete
2026-02-26T05:17:16.215Z [INFO] app: service started
2026-02-26T05:17:16.215Z [INFO] boot: system init complete
2026-02-26T05:17:16.215Z [INFO] net: link up (1Gbps)
2026-02-26T05:17:16.215Z [INFO] telemetry: heartbeat ok
2026-02-26T05:17:16.215Z [WARN] power: voltage dip detected
2026-02-26T05:17:16.215Z [INFO] boot: system init complete
2026-02-26T05:17:16.215Z [INFO] telemetry: heartbeat ok
2026-02-26T05:17:16.215Z [INFO] watchdog: armed
2026-02-26T05:17:16.215Z [INFO] sensor: ready
2026-02-26T05:17:16.215Z [WARN] temp: threshold nearing (78C)
2026-02-26T05:17:16.215Z [INFO] app: service started
2026-02-26T05:17:16.215Z [INFO] net: link up (1Gbps)
2026-02-26T05:17:16.215Z [INFO] fs: mounted /data
2026-02-26T05:17:16.215Z [INFO] fs: mounted /data
2026-02-26T05:17:16.215Z [PANIC] KERNEL PANIC - not syncing: Fatal exception
2026-02-26T05:17:16.215Z [INFO] telemetry: heartbeat ok
2026-02-26T05:17:16.215Z [WARN] sensor: jitter high
2026-02-26T05:17:16.215Z [INFO] boot: system init complete
2026-02-26T05:17:16.215Z [INFO] net: link up (1Gbps)
2026-02-26T05:17:16.215Z [INFO] boot: system init complete
2026-02-26T05:17:16.215Z [WARN] sensor: jitter high
2026-02-26T05:17:16.215Z [WARN] power: voltage dip detected
2026-02-26T05:17:16.215Z [INFO] app: service started
2026-02-26T05:17:16.215Z [INFO] net: link up (1Gbps)
2026-02-26T05:17:16.215Z [INFO] net: link up (1Gbps)
2026-02-26T05:17:16.215Z [INFO] fs: mounted /data
2026-02-26T05:17:16.215Z [INFO] boot: system init complete
2026-02-26T05:17:16.215Z [INFO] fs: mounted /data
2026-02-26T05:17:16.215Z [INFO] boot: system init complete
2026-02-26T05:17:16.215Z [INFO] sensor: ready
2026-02-26T05:17:16.215Z [INFO] sensor: ready
2026-02-26T05:17:16.215Z [INFO] telemetry: heartbeat ok
2026-02-26T05:17:16.215Z [ERROR] mmc: crc error on read
2026-02-26T05:17:16.215Z [INFO] fs: mounted /data
2026-02-26T05:17:16.215Z [WARN] sensor: jitter high
2026-02-26T05:17:16.215Z [INFO] boot: system init complete
2026-02-26T05:17:16.215Z [INFO] telemetry: heartbeat ok
2026-02-26T05:17:16.215Z [INFO] fs: mounted /data
2026-02-26T05:17:16.215Z [WARN] net: retransmits increasing
2026-02-26T05:17:16.215Z [INFO] telemetry: heartbeat ok
2026-02-26T05:17:16.215Z [INFO] app: service started
2026-02-26T05:17:16.215Z [INFO] sensor: ready
2026-02-26T05:17:16.215Z [ERROR] i2c: bus arbitration lost
2026-02-26T05:17:16.215Z [ERROR] net: packet drop burst
2026-02-26T05:17:16.215Z [INFO] net: link up (1Gbps)
2026-02-26T05:17:16.215Z [INFO] sensor: ready
2026-02-26T05:17:16.215Z [INFO] boot: system init complete
2026-02-26T05:17:16.215Z [WARN] fs: slow write detected
2026-02-26T05:17:16.215Z [INFO] watchdog: armed
2026-02-26T05:17:16.215Z [INFO] app: service started
2026-02-26T05:17:16.215Z [INFO] sensor: ready
2026-02-26T05:17:16.215Z [INFO] watchdog: armed
2026-02-26T05:17:16.215Z [INFO] fs: mounted /data
2026-02-26T05:17:16.215Z [INFO] net: link up (1Gbps)
2026-02-26T05:17:16.215Z [WARN] sensor: jitter high
2026-02-26T05:17:16.215Z [INFO] net: link up (1Gbps)
2026-02-26T05:17:16.215Z [ERROR] app: unhandled error code=E42
2026-02-26T05:17:16.215Z [INFO] boot: system init complete
2026-02-26T05:17:16.215Z [WARN] fs: slow write detected
2026-02-26T05:17:16.215Z [INFO] app: service started
2026-02-26T05:17:16.215Z [INFO] app: service started
2026-02-26T05:17:16.215Z [WARN] sensor: jitter high
2026-02-26T05:17:16.215Z [ERROR] net: packet drop burst
2026-02-26T05:17:16.215Z [PANIC] fatal exception: NULL dereference
2026-02-26T05:17:16.215Z [INFO] watchdog: armed
2026-02-26T05:17:16.215Z [ERROR] sensor: read failed
